ds4: Metal device Apple M4, 16.00 GiB RAM
ds4: Metal 4 tensor API disabled for pre-M5/pre-A19 devices
ds4: drift-patch flags hc_stable=on norm_unify=on kv_raw_f32=off rope_exp2_log2=off math_safe=off tensor_matmul=off
ds4: Metal SSD streaming mode enabled; full model residency and warmup are skipped
ds4: WARNING: SSD streaming expert cache (440 experts) is under twice the per-token routed working set (43 layers x 6 experts = 258); expect heavy thrashing below 3.40 GiB
ds4: SSD streaming initial metal model map restricted to token embedding (1 spans, 0.99 GiB tensor span)
ds4: metal backend initialized for graph diagnostics
ds4: memory: KV 0.61 GiB (raw 0.36 + compressed 0.25) + buffers 0.25 GiB + resident model 0.99 GiB + expert cache 2.90 GiB = 4.75 GiB planned
ds4: memory detail: ctx=32768 prefill_cap=4096 raw_kv_rows=4352 compressed_kv_rows=8194 backend=metal
case_000 cases=1 prompt=17 target=24 avg_nll=0.869631 lcp=0 api_target_mae=0.869631 api_top_coverage=480/480 api_top1=0.750 api_topn=0.740 api_pair=0.976
case_001 cases=2 prompt=18 target=24 avg_nll=0.216788 lcp=0 api_target_mae=0.216788 api_top_coverage=478/480 api_top1=0.833 api_topn=0.770 api_pair=0.991
case_002 cases=3 prompt=19 target=24 avg_nll=0.408586 lcp=3 api_target_mae=0.408586 api_top_coverage=478/480 api_top1=0.833 api_topn=0.814 api_pair=0.987
case_003 cases=4 prompt=19 target=24 avg_nll=0.642104 lcp=0 api_target_mae=0.642104 api_top_coverage=479/480 api_top1=0.833 api_topn=0.706 api_pair=0.980
case_004 cases=5 prompt=15 target=24 avg_nll=0.289947 lcp=3 api_target_mae=0.289947 api_top_coverage=479/480 api_top1=0.792 api_topn=0.766 api_pair=0.987
case_005 cases=6 prompt=14 target=24 avg_nll=0.499321 lcp=14 api_target_mae=0.499321 api_top_coverage=477/480 api_top1=0.875 api_topn=0.816 api_pair=0.991
case_006 cases=7 prompt=18 target=24 avg_nll=0.202924 lcp=14 api_target_mae=0.202924 api_top_coverage=478/480 api_top1=0.917 api_topn=0.780 api_pair=0.996
case_007 cases=8 prompt=14 target=24 avg_nll=0.711070 lcp=10 api_target_mae=0.711070 api_top_coverage=480/480 api_top1=0.750 api_topn=0.740 api_pair=0.975
case_008 cases=9 prompt=20 target=24 avg_nll=0.241681 lcp=0 api_target_mae=0.241681 api_top_coverage=480/480 api_top1=0.875 api_topn=0.756 api_pair=0.991
case_009 cases=10 prompt=17 target=24 avg_nll=0.102828 lcp=14 api_target_mae=0.102828 api_top_coverage=475/480 api_top1=0.958 api_topn=0.773 api_pair=0.998
case_010 cases=11 prompt=26 target=24 avg_nll=0.357810 lcp=1 api_target_mae=0.357810 api_top_coverage=477/480 api_top1=0.875 api_topn=0.759 api_pair=0.985
case_011 cases=12 prompt=21 target=24 avg_nll=0.107301 lcp=0 api_target_mae=0.107301 api_top_coverage=479/480 api_top1=0.917 api_topn=0.806 api_pair=0.996
case_012 cases=13 prompt=22 target=24 avg_nll=0.586162 lcp=0 api_target_mae=0.586162 api_top_coverage=480/480 api_top1=0.833 api_topn=0.756 api_pair=0.980
case_013 cases=14 prompt=22 target=24 avg_nll=0.166837 lcp=1 api_target_mae=0.166837 api_top_coverage=480/480 api_top1=0.958 api_topn=0.762 api_pair=0.998
case_014 cases=15 prompt=21 target=24 avg_nll=0.286962 lcp=16 api_target_mae=0.286962 api_top_coverage=479/480 api_top1=0.917 api_topn=0.783 api_pair=0.993
case_015 cases=16 prompt=22 target=24 avg_nll=0.600416 lcp=0 api_target_mae=0.600416 api_top_coverage=480/480 api_top1=0.833 api_topn=0.800 api_pair=0.985
case_016 cases=17 prompt=19 target=24 avg_nll=1.193683 lcp=1 api_target_mae=1.193683 api_top_coverage=479/480 api_top1=0.625 api_topn=0.718 api_pair=0.947
case_017 cases=18 prompt=26 target=24 avg_nll=0.465771 lcp=0 api_target_mae=0.465771 api_top_coverage=480/480 api_top1=0.750 api_topn=0.742 api_pair=0.985
case_018 cases=19 prompt=25 target=24 avg_nll=0.324182 lcp=1 api_target_mae=0.324182 api_top_coverage=479/480 api_top1=0.917 api_topn=0.770 api_pair=0.993
case_019 cases=20 prompt=19 target=24 avg_nll=0.737814 lcp=0 api_target_mae=0.737814 api_top_coverage=478/480 api_top1=0.750 api_topn=0.734 api_pair=0.968
case_020 cases=21 prompt=18 target=24 avg_nll=0.305534 lcp=9 api_target_mae=0.305534 api_top_coverage=480/480 api_top1=0.958 api_topn=0.779 api_pair=0.998
case_021 cases=22 prompt=18 target=24 avg_nll=0.016833 lcp=24 api_target_mae=0.016833 api_top_coverage=475/480 api_top1=1.000 api_topn=0.813 api_pair=1.000
case_022 cases=23 prompt=16 target=24 avg_nll=0.356972 lcp=0 api_target_mae=0.356972 api_top_coverage=479/480 api_top1=0.875 api_topn=0.745 api_pair=0.985
case_023 cases=24 prompt=14 target=24 avg_nll=0.568980 lcp=0 api_target_mae=0.568980 api_top_coverage=478/480 api_top1=0.750 api_topn=0.751 api_pair=0.978
case_024 cases=25 prompt=15 target=24 avg_nll=0.443763 lcp=1 api_target_mae=0.443763 api_top_coverage=478/480 api_top1=0.875 api_topn=0.789 api_pair=0.993
case_025 cases=26 prompt=20 target=24 avg_nll=0.086607 lcp=14 api_target_mae=0.086607 api_top_coverage=479/480 api_top1=0.958 api_topn=0.756 api_pair=0.998
case_026 cases=27 prompt=17 target=24 avg_nll=0.517710 lcp=0 api_target_mae=0.517710 api_top_coverage=480/480 api_top1=0.792 api_topn=0.777 api_pair=0.980
case_027 cases=28 prompt=14 target=24 avg_nll=0.204145 lcp=4 api_target_mae=0.204145 api_top_coverage=479/480 api_top1=0.917 api_topn=0.749 api_pair=0.993
case_028 cases=29 prompt=16 target=24 avg_nll=0.411629 lcp=0 api_target_mae=0.411629 api_top_coverage=479/480 api_top1=0.875 api_topn=0.718 api_pair=0.991
case_029 cases=30 prompt=18 target=24 avg_nll=0.718504 lcp=0 api_target_mae=0.718504 api_top_coverage=480/480 api_top1=0.625 api_topn=0.785 api_pair=0.963
case_030 cases=31 prompt=23 target=24 avg_nll=0.285192 lcp=14 api_target_mae=0.285192 api_top_coverage=480/480 api_top1=0.958 api_topn=0.794 api_pair=0.998
case_031 cases=32 prompt=22 target=24 avg_nll=0.159592 lcp=3 api_target_mae=0.159592 api_top_coverage=477/480 api_top1=0.917 api_topn=0.786 api_pair=0.996
case_032 cases=33 prompt=18 target=24 avg_nll=0.221629 lcp=0 api_target_mae=0.221629 api_top_coverage=480/480 api_top1=0.917 api_topn=0.771 api_pair=0.996
case_033 cases=34 prompt=15 target=24 avg_nll=0.390440 lcp=0 api_target_mae=0.390440 api_top_coverage=478/480 api_top1=0.875 api_topn=0.789 api_pair=0.982
case_034 cases=35 prompt=22 target=24 avg_nll=0.256344 lcp=3 api_target_mae=0.256344 api_top_coverage=479/480 api_top1=0.833 api_topn=0.791 api_pair=0.989
case_035 cases=36 prompt=23 target=24 avg_nll=0.415399 lcp=0 api_target_mae=0.415399 api_top_coverage=479/480 api_top1=0.875 api_topn=0.789 api_pair=0.987
case_036 cases=37 prompt=21 target=24 avg_nll=0.174751 lcp=0 api_target_mae=0.174751 api_top_coverage=479/480 api_top1=0.958 api_topn=0.777 api_pair=0.998
case_037 cases=38 prompt=18 target=24 avg_nll=0.185596 lcp=0 api_target_mae=0.185596 api_top_coverage=479/480 api_top1=0.917 api_topn=0.735 api_pair=0.991
case_038 cases=39 prompt=26 target=24 avg_nll=0.377602 lcp=0 api_target_mae=0.377602 api_top_coverage=479/480 api_top1=0.833 api_topn=0.743 api_pair=0.991
case_039 cases=40 prompt=23 target=24 avg_nll=0.806030 lcp=0 api_target_mae=0.806030 api_top_coverage=480/480 api_top1=0.750 api_topn=0.756 api_pair=0.959
case_040 cases=41 prompt=21 target=24 avg_nll=0.592830 lcp=15 api_target_mae=0.592830 api_top_coverage=479/480 api_top1=0.750 api_topn=0.787 api_pair=0.976
case_041 cases=42 prompt=15 target=24 avg_nll=0.493605 lcp=3 api_target_mae=0.493605 api_top_coverage=480/480 api_top1=0.792 api_topn=0.746 api_pair=0.985
case_042 cases=43 prompt=14 target=24 avg_nll=0.448349 lcp=1 api_target_mae=0.448349 api_top_coverage=480/480 api_top1=0.875 api_topn=0.819 api_pair=0.989
case_043 cases=44 prompt=18 target=24 avg_nll=0.058462 lcp=24 api_target_mae=0.058462 api_top_coverage=472/480 api_top1=1.000 api_topn=0.739 api_pair=1.000
case_044 cases=45 prompt=20 target=24 avg_nll=0.256368 lcp=0 api_target_mae=0.256368 api_top_coverage=479/480 api_top1=0.875 api_topn=0.783 api_pair=0.989
case_045 cases=46 prompt=18 target=24 avg_nll=0.494988 lcp=5 api_target_mae=0.494988 api_top_coverage=480/480 api_top1=0.875 api_topn=0.723 api_pair=0.989
case_046 cases=47 prompt=19 target=24 avg_nll=0.134149 lcp=21 api_target_mae=0.134149 api_top_coverage=476/480 api_top1=0.958 api_topn=0.742 api_pair=0.996
case_047 cases=48 prompt=16 target=24 avg_nll=0.297917 lcp=0 api_target_mae=0.297917 api_top_coverage=479/480 api_top1=0.833 api_topn=0.722 api_pair=0.989
case_048 cases=49 prompt=18 target=24 avg_nll=0.283017 lcp=16 api_target_mae=0.283017 api_top_coverage=479/480 api_top1=0.875 api_topn=0.785 api_pair=0.989
case_049 cases=50 prompt=18 target=24 avg_nll=0.670944 lcp=16 api_target_mae=0.670944 api_top_coverage=480/480 api_top1=0.833 api_topn=0.785 api_pair=0.970
case_050 cases=51 prompt=27 target=24 avg_nll=0.642429 lcp=11 api_target_mae=0.642429 api_top_coverage=480/480 api_top1=0.792 api_topn=0.742 api_pair=0.982
case_051 cases=52 prompt=21 target=24 avg_nll=0.515345 lcp=0 api_target_mae=0.515345 api_top_coverage=480/480 api_top1=0.833 api_topn=0.752 api_pair=0.989
case_052 cases=53 prompt=19 target=24 avg_nll=0.535775 lcp=3 api_target_mae=0.535775 api_top_coverage=479/480 api_top1=0.792 api_topn=0.756 api_pair=0.984
case_053 cases=54 prompt=22 target=24 avg_nll=0.068441 lcp=24 api_target_mae=0.068441 api_top_coverage=476/480 api_top1=1.000 api_topn=0.754 api_pair=1.000
case_054 cases=55 prompt=24 target=24 avg_nll=0.395213 lcp=0 api_target_mae=0.395213 api_top_coverage=480/480 api_top1=0.917 api_topn=0.806 api_pair=0.971
case_055 cases=56 prompt=25 target=24 avg_nll=0.199371 lcp=5 api_target_mae=0.199371 api_top_coverage=480/480 api_top1=0.958 api_topn=0.713 api_pair=0.996
case_056 cases=57 prompt=18 target=24 avg_nll=0.630516 lcp=0 api_target_mae=0.630516 api_top_coverage=479/480 api_top1=0.833 api_topn=0.729 api_pair=0.982
case_057 cases=58 prompt=22 target=24 avg_nll=0.246966 lcp=0 api_target_mae=0.246966 api_top_coverage=478/480 api_top1=0.792 api_topn=0.785 api_pair=0.989
case_058 cases=59 prompt=25 target=24 avg_nll=0.298732 lcp=0 api_target_mae=0.298732 api_top_coverage=480/480 api_top1=0.875 api_topn=0.758 api_pair=0.993
case_059 cases=60 prompt=23 target=24 avg_nll=0.380553 lcp=0 api_target_mae=0.380553 api_top_coverage=480/480 api_top1=0.833 api_topn=0.719 api_pair=0.989
case_060 cases=61 prompt=17 target=24 avg_nll=0.011566 lcp=24 api_target_mae=0.011566 api_top_coverage=473/480 api_top1=1.000 api_topn=0.797 api_pair=1.000
case_061 cases=62 prompt=16 target=24 avg_nll=0.851284 lcp=0 api_target_mae=0.851284 api_top_coverage=480/480 api_top1=0.750 api_topn=0.742 api_pair=0.959
case_062 cases=63 prompt=14 target=24 avg_nll=0.508912 lcp=0 api_target_mae=0.508912 api_top_coverage=480/480 api_top1=0.917 api_topn=0.748 api_pair=0.991
case_063 cases=64 prompt=15 target=24 avg_nll=0.229564 lcp=11 api_target_mae=0.229564 api_top_coverage=476/480 api_top1=0.917 api_topn=0.800 api_pair=0.991
case_064 cases=65 prompt=12 target=24 avg_nll=0.368817 lcp=0 api_target_mae=0.368817 api_top_coverage=477/480 api_top1=0.917 api_topn=0.686 api_pair=0.992
case_065 cases=66 prompt=15 target=24 avg_nll=0.426344 lcp=1 api_target_mae=0.426344 api_top_coverage=480/480 api_top1=0.750 api_topn=0.804 api_pair=0.987
case_066 cases=67 prompt=16 target=24 avg_nll=0.211923 lcp=0 api_target_mae=0.211923 api_top_coverage=480/480 api_top1=0.875 api_topn=0.821 api_pair=0.992
case_067 cases=68 prompt=17 target=24 avg_nll=0.582306 lcp=0 api_target_mae=0.582306 api_top_coverage=479/480 api_top1=0.833 api_topn=0.758 api_pair=0.981
case_068 cases=69 prompt=17 target=24 avg_nll=0.503963 lcp=0 api_target_mae=0.503963 api_top_coverage=480/480 api_top1=0.833 api_topn=0.696 api_pair=0.980
case_069 cases=70 prompt=18 target=24 avg_nll=0.434922 lcp=1 api_target_mae=0.434922 api_top_coverage=479/480 api_top1=0.833 api_topn=0.818 api_pair=0.989
case_070 cases=71 prompt=24 target=24 avg_nll=0.108806 lcp=6 api_target_mae=0.108806 api_top_coverage=476/480 api_top1=0.958 api_topn=0.794 api_pair=0.998
case_071 cases=72 prompt=24 target=24 avg_nll=0.324019 lcp=0 api_target_mae=0.324019 api_top_coverage=480/480 api_top1=0.833 api_topn=0.779 api_pair=0.991
case_072 cases=73 prompt=17 target=24 avg_nll=0.068464 lcp=9 api_target_mae=0.068464 api_top_coverage=478/480 api_top1=0.958 api_topn=0.776 api_pair=0.998
case_073 cases=74 prompt=15 target=24 avg_nll=0.349445 lcp=3 api_target_mae=0.349445 api_top_coverage=477/480 api_top1=0.833 api_topn=0.788 api_pair=0.989
case_074 cases=75 prompt=15 target=24 avg_nll=0.684900 lcp=0 api_target_mae=0.684900 api_top_coverage=478/480 api_top1=0.833 api_topn=0.724 api_pair=0.966
case_075 cases=76 prompt=16 target=24 avg_nll=0.194548 lcp=6 api_target_mae=0.194548 api_top_coverage=478/480 api_top1=0.875 api_topn=0.762 api_pair=0.993
case_076 cases=77 prompt=22 target=24 avg_nll=0.248382 lcp=4 api_target_mae=0.248382 api_top_coverage=477/480 api_top1=0.917 api_topn=0.786 api_pair=0.993
case_077 cases=78 prompt=24 target=24 avg_nll=0.282810 lcp=1 api_target_mae=0.282810 api_top_coverage=480/480 api_top1=0.875 api_topn=0.802 api_pair=0.991
case_078 cases=79 prompt=28 target=24 avg_nll=0.935031 lcp=0 api_target_mae=0.935031 api_top_coverage=479/480 api_top1=0.750 api_topn=0.687 api_pair=0.958
case_079 cases=80 prompt=20 target=24 avg_nll=0.387543 lcp=7 api_target_mae=0.387543 api_top_coverage=479/480 api_top1=0.875 api_topn=0.743 api_pair=0.985
case_080 cases=81 prompt=13 target=24 avg_nll=0.673835 lcp=6 api_target_mae=0.673835 api_top_coverage=478/480 api_top1=0.792 api_topn=0.778 api_pair=0.971
case_081 cases=82 prompt=13 target=24 avg_nll=0.385197 lcp=0 api_target_mae=0.385197 api_top_coverage=479/480 api_top1=0.917 api_topn=0.737 api_pair=0.996
case_082 cases=83 prompt=16 target=24 avg_nll=1.174982 lcp=7 api_target_mae=1.174982 api_top_coverage=477/480 api_top1=0.625 api_topn=0.700 api_pair=0.949
case_083 cases=84 prompt=19 target=17 avg_nll=0.003060 lcp=17 api_target_mae=0.003060 api_top_coverage=330/340 api_top1=1.000 api_topn=0.736 api_pair=1.000
case_084 cases=85 prompt=23 target=11 avg_nll=0.047866 lcp=11 api_target_mae=0.047866 api_top_coverage=215/220 api_top1=1.000 api_topn=0.753 api_pair=1.000
case_085 cases=86 prompt=18 target=24 avg_nll=0.456418 lcp=11 api_target_mae=0.456418 api_top_coverage=475/480 api_top1=0.833 api_topn=0.789 api_pair=0.987
case_086 cases=87 prompt=16 target=24 avg_nll=0.242108 lcp=11 api_target_mae=0.242108 api_top_coverage=480/480 api_top1=0.917 api_topn=0.777 api_pair=0.996
case_087 cases=88 prompt=12 target=24 avg_nll=0.485081 lcp=3 api_target_mae=0.485081 api_top_coverage=480/480 api_top1=0.792 api_topn=0.779 api_pair=0.978
case_088 cases=89 prompt=14 target=24 avg_nll=0.615641 lcp=7 api_target_mae=0.615641 api_top_coverage=480/480 api_top1=0.667 api_topn=0.819 api_pair=0.982
case_089 cases=90 prompt=12 target=24 avg_nll=0.929281 lcp=0 api_target_mae=0.929281 api_top_coverage=480/480 api_top1=0.750 api_topn=0.708 api_pair=0.968
case_090 cases=91 prompt=17 target=24 avg_nll=0.338683 lcp=0 api_target_mae=0.338683 api_top_coverage=480/480 api_top1=0.917 api_topn=0.733 api_pair=0.989
case_091 cases=92 prompt=14 target=24 avg_nll=0.613449 lcp=0 api_target_mae=0.613449 api_top_coverage=479/480 api_top1=0.917 api_topn=0.697 api_pair=0.963
case_092 cases=93 prompt=15 target=24 avg_nll=0.045364 lcp=24 api_target_mae=0.045364 api_top_coverage=475/480 api_top1=1.000 api_topn=0.823 api_pair=1.000
case_093 cases=94 prompt=17 target=24 avg_nll=0.692436 lcp=0 api_target_mae=0.692436 api_top_coverage=480/480 api_top1=0.708 api_topn=0.769 api_pair=0.981
case_094 cases=95 prompt=16 target=8 avg_nll=0.022292 lcp=8 api_target_mae=0.022292 api_top_coverage=155/160 api_top1=1.000 api_topn=0.813 api_pair=1.000
case_095 cases=96 prompt=17 target=15 avg_nll=0.026305 lcp=15 api_target_mae=0.026305 api_top_coverage=290/300 api_top1=1.000 api_topn=0.769 api_pair=1.000
case_096 cases=97 prompt=15 target=11 avg_nll=0.176260 lcp=0 api_target_mae=0.176260 api_top_coverage=213/220 api_top1=0.909 api_topn=0.671 api_pair=0.995
case_097 cases=98 prompt=22 target=11 avg_nll=0.003883 lcp=11 api_target_mae=0.003883 api_top_coverage=211/220 api_top1=1.000 api_topn=0.739 api_pair=1.000
case_098 cases=99 prompt=20 target=8 avg_nll=0.912951 lcp=1 api_target_mae=0.912951 api_top_coverage=152/160 api_top1=0.750 api_topn=0.664 api_pair=0.986
case_099 cases=100 prompt=22 target=24 avg_nll=0.445909 lcp=16 api_target_mae=0.445909 api_top_coverage=464/480 api_top1=0.917 api_topn=0.750 api_pair=0.995
summary cases=100 tokens=2313 avg_nll=0.402654590 first_match=56 avg_lcp=5.150
api_summary ref_tokens=2313 target_tokens=2313 target_mae=0.402654590 target_mean_delta=-0.402654590 top_items=46260 top_mapped=46067 top_coverage=0.995827929 top1_match=1989/2313 top1_rate=0.859922179 topn_hit=35127/46067 topn_recall=0.762519808 top_logprob_count=46067 top_mae=9480.392326965 top_mean_delta=9480.351892812 pair_agree=43596/44203 pair_rate=0.986267900
