ds4: Metal device Apple M4, 16.00 GiB RAM
ds4: Metal 4 tensor API disabled for pre-M5/pre-A19 devices
ds4: drift-patch flags hc_stable=on norm_unify=on kv_raw_f32=off rope_exp2_log2=off math_safe=off tensor_matmul=off
ds4: Metal SSD streaming mode enabled; full model residency and warmup are skipped
ds4: SSD streaming initial metal model map restricted to token embedding (1 spans, 0.28 GiB tensor span)
ds4: metal backend initialized for graph diagnostics
ds4: memory: KV 0.61 GiB (raw 0.36 + compressed 0.25) + buffers 0.25 GiB + resident model 0.28 GiB + expert cache 3.96 GiB = 5.09 GiB planned
ds4: memory detail: ctx=32768 prefill_cap=4096 raw_kv_rows=4352 compressed_kv_rows=8194 backend=metal
ds4: using GPU graph generation with graph prefill
ds4: gpu prefill layer 1/43
ds4: gpu prefill layer 2/43
ds4: gpu prefill layer 3/43
ds4: gpu prefill layer 4/43
ds4: gpu prefill layer 5/43
ds4: gpu prefill layer 6/43
ds4: gpu prefill layer 7/43
ds4: gpu prefill layer 8/43
ds4: gpu prefill layer 9/43
ds4: gpu prefill layer 10/43
ds4: gpu prefill layer 11/43
ds4: gpu prefill layer 12/43
ds4: gpu prefill layer 13/43
ds4: gpu prefill layer 14/43
ds4: gpu prefill layer 15/43
ds4: gpu prefill layer 16/43
ds4: gpu prefill layer 17/43
ds4: gpu prefill layer 18/43
ds4: gpu prefill layer 19/43
ds4: gpu prefill layer 20/43
ds4: gpu prefill layer 21/43
ds4: gpu prefill layer 22/43
ds4: gpu prefill layer 23/43
ds4: gpu prefill layer 24/43
ds4: gpu prefill layer 25/43
ds4: gpu prefill layer 26/43
ds4: gpu prefill layer 27/43
ds4: gpu prefill layer 28/43
ds4: gpu prefill layer 29/43
ds4: gpu prefill layer 30/43
ds4: gpu prefill layer 31/43
ds4: gpu prefill layer 32/43
ds4: gpu prefill layer 33/43
ds4: gpu prefill layer 34/43
ds4: gpu prefill layer 35/43
ds4: gpu prefill layer 36/43
ds4: gpu prefill layer 37/43
ds4: gpu prefill layer 38/43
ds4: gpu prefill layer 39/43
ds4: gpu prefill layer 40/43
ds4: gpu prefill layer 41/43
ds4: gpu prefill layer 42/43
ds4: gpu prefill layer 43/43

你好ds4: prefill: 10.63 t/s, generation: 1824.82 t/s
